 WARN  Unsupported engine: wanted: {"node":"^22.12.0"} (current: {"node":"v24.14.0","pnpm":"10.33.0"})

> ai-gateway-web@2.0.0 build /Users/yang/projects/AI--Platfform/web
> vite build && node scripts/check-bundle-budget.mjs

vite v8.0.16 building client environment for production...

transforming...✓ 7433 modules transformed.
rendering chunks...
computing gzip size...
dist/index.html                                         3.19 kB │ gzip:   1.35 kB
dist/assets/KaTeX_Size3-Regular-CTq5MqoE.woff           4.42 kB
dist/assets/KaTeX_Size4-Regular-Dl5lxZxV.woff2          4.92 kB
dist/assets/KaTeX_Size2-Regular-Dy4dx90m.woff2          5.20 kB
dist/assets/KaTeX_Size1-Regular-mCD8mA8B.woff2          5.46 kB
dist/assets/KaTeX_Size4-Regular-BF-4gkZK.woff           5.98 kB
dist/assets/KaTeX_Size2-Regular-oD1tc_U0.woff           6.18 kB
dist/assets/KaTeX_Size1-Regular-C195tn64.woff           6.49 kB
dist/assets/KaTeX_Caligraphic-Regular-Di6jR-x-.woff2    6.90 kB
dist/assets/KaTeX_Caligraphic-Bold-Dq_IR9rO.woff2       6.91 kB
dist/assets/KaTeX_Size3-Regular-DgpXs0kz.ttf            7.58 kB
dist/assets/KaTeX_Caligraphic-Regular-CTRA-rTL.woff     7.65 kB
dist/assets/KaTeX_Caligraphic-Bold-BEiXGLvX.woff        7.71 kB
dist/assets/KaTeX_Script-Regular-D3wIWfF6.woff2         9.64 kB
dist/assets/KaTeX_SansSerif-Regular-DDBCnlJ7.woff2     10.34 kB
dist/assets/KaTeX_Size4-Regular-DWFBv043.ttf           10.36 kB
dist/assets/KaTeX_Script-Regular-D5yQViql.woff         10.58 kB
dist/assets/KaTeX_Fraktur-Regular-CTYiF6lA.woff2       11.31 kB
dist/assets/KaTeX_Fraktur-Bold-CL6g_b3V.woff2          11.34 kB
dist/assets/KaTeX_Size2-Regular-B7gKUWhC.ttf           11.50 kB
dist/assets/KaTeX_SansSerif-Italic-C3H0VqGB.woff2      12.02 kB
dist/assets/KaTeX_SansSerif-Bold-D1sUS0GD.woff2        12.21 kB
dist/assets/KaTeX_Size1-Regular-Dbsnue_I.ttf           12.22 kB
dist/assets/KaTeX_SansSerif-Regular-CS6fqUqJ.woff      12.31 kB
dist/assets/KaTeX_Caligraphic-Regular-wX97UBjC.ttf     12.34 kB
dist/assets/KaTeX_Caligraphic-Bold-ATXxdsX0.ttf        12.36 kB
dist/assets/KaTeX_Fraktur-Regular-Dxdc4cR9.woff        13.20 kB
dist/assets/KaTeX_Fraktur-Bold-BsDP51OF.woff           13.29 kB
dist/assets/KaTeX_Typewriter-Regular-CO6r4hn1.woff2    13.56 kB
dist/assets/KaTeX_SansSerif-Italic-DN2j7dab.woff       14.11 kB
dist/assets/KaTeX_SansSerif-Bold-DbIhKOiC.woff         14.40 kB
dist/assets/KaTeX_Typewriter-Regular-C0xS9mPB.woff     16.02 kB
dist/assets/KaTeX_Math-BoldItalic-CZnvNsCZ.woff2       16.40 kB
dist/assets/KaTeX_Math-Italic-t53AETM-.woff2           16.44 kB
dist/assets/KaTeX_Script-Regular-C5JkGWo-.ttf          16.64 kB
dist/assets/KaTeX_Main-BoldItalic-DxDJ3AOS.woff2       16.78 kB
dist/assets/KaTeX_Main-Italic-NWA7e6Wa.woff2           16.98 kB
dist/assets/KaTeX_Math-BoldItalic-iY-2wyZ7.woff        18.66 kB
dist/assets/KaTeX_Math-Italic-DA0__PXp.woff            18.74 kB
dist/assets/KaTeX_Main-BoldItalic-SpSLRI95.woff        19.41 kB
dist/assets/KaTeX_SansSerif-Regular-BNo7hRIc.ttf       19.43 kB
dist/assets/KaTeX_Fraktur-Regular-CB_wures.ttf         19.57 kB
dist/assets/KaTeX_Fraktur-Bold-BdnERNNW.ttf            19.58 kB
dist/assets/KaTeX_Main-Italic-BMLOBm91.woff            19.67 kB
dist/assets/KaTeX_SansSerif-Italic-YYjJ1zSn.ttf        22.36 kB
dist/assets/KaTeX_SansSerif-Bold-CFMepnvq.ttf          24.50 kB
dist/assets/KaTeX_Main-Bold-Cx986IdX.woff2             25.32 kB
dist/assets/KaTeX_Main-Regular-B22Nviop.woff2          26.27 kB
dist/assets/KaTeX_Typewriter-Regular-D3Ib7_Hf.ttf      27.55 kB
dist/assets/KaTeX_AMS-Regular-BQhdFMY1.woff2           28.07 kB
dist/assets/KaTeX_Main-Bold-Jm3AIy58.woff              29.91 kB
dist/assets/KaTeX_Main-Regular-Dr94JaBh.woff           30.77 kB
dist/assets/KaTeX_Math-BoldItalic-B3XSjfu4.ttf         31.19 kB
dist/assets/KaTeX_Math-Italic-flOr_0UB.ttf             31.30 kB
dist/assets/KaTeX_Main-BoldItalic-DzxPMmG6.ttf         32.96 kB
dist/assets/KaTeX_AMS-Regular-DMm9YOAa.woff            33.51 kB
dist/assets/KaTeX_Main-Italic-3WenGoN9.ttf             33.58 kB
dist/assets/KaTeX_Main-Bold-waoOVXN0.ttf               51.33 kB
dist/assets/KaTeX_Main-Regular-ypZvNtVU.ttf            53.58 kB
dist/assets/KaTeX_AMS-Regular-DRggAlZN.ttf             63.63 kB
dist/.vite/manifest.json                               77.45 kB │ gzip:   9.15 kB
dist/assets/agent-public-B45Fol3g.css                   7.97 kB │ gzip:   2.10 kB
dist/assets/eval-IRARYQPm.css                          21.98 kB │ gzip:   3.94 kB
dist/assets/katex-CYlHEDRF.css                         28.83 kB │ gzip:   7.92 kB
dist/assets/agents-YRvtkVLj.css                        35.40 kB │ gzip:   6.41 kB
dist/assets/index-rW7NvfLH.css                        269.26 kB │ gzip:  35.37 kB
dist/assets/check-BfjGFusr.js                           0.11 kB │ gzip:   0.13 kB
dist/assets/chevron-up-CooadlGi.js                      0.11 kB │ gzip:   0.13 kB
dist/assets/chevron-left-D_VbKWyj.js                    0.11 kB │ gzip:   0.13 kB
dist/assets/chevron-right-C0OnQVy2.js                   0.11 kB │ gzip:   0.13 kB
dist/assets/circle-BwstfOee.js                          0.11 kB │ gzip:   0.12 kB
dist/assets/loader-circle-GJtAr4k_.js                   0.13 kB │ gzip:   0.14 kB
dist/assets/plus-DSpKPr-O.js                            0.14 kB │ gzip:   0.14 kB
dist/assets/cloud-B_6Vnixb.js                           0.14 kB │ gzip:   0.15 kB
dist/assets/terminal-DknpHjmC.js                        0.15 kB │ gzip:   0.15 kB
dist/assets/arrow-down-n4qO4Ouu.js                      0.15 kB │ gzip:   0.15 kB
dist/assets/arrow-left-BttfqrhW.js                      0.15 kB │ gzip:   0.15 kB
dist/assets/clock-3-DeCnzvKo.js                         0.15 kB │ gzip:   0.16 kB
dist/assets/clock-qcYkow8g.js                           0.15 kB │ gzip:   0.16 kB
dist/assets/search-DMw60ipC.js                          0.16 kB │ gzip:   0.16 kB
dist/assets/agentCatalogPresentation-C6e-ySyj.js        0.16 kB │ gzip:   0.14 kB
dist/assets/panel-left-CfWLMRtO.js                      0.17 kB │ gzip:   0.17 kB
dist/assets/menu-DPgZI9Ov.js                            0.17 kB │ gzip:   0.14 kB
dist/assets/play-CEV3kK4k.js                            0.17 kB │ gzip:   0.17 kB
dist/assets/user-IVIQSEXd.js                            0.18 kB │ gzip:   0.17 kB
dist/assets/circle-stop-8QyYWdyn.js                     0.18 kB │ gzip:   0.17 kB
dist/assets/rotate-ccw-BX9Ft3ZO.js                      0.18 kB │ gzip:   0.17 kB
dist/assets/lock-D8nyhcoY.js                            0.19 kB │ gzip:   0.18 kB
dist/assets/circle-x-Byfm1_K-.js                        0.19 kB │ gzip:   0.17 kB
dist/assets/code-xml-BXiILd69.js                        0.19 kB │ gzip:   0.16 kB
dist/assets/longest-streak-CtKxakps.js                  0.20 kB │ gzip:   0.17 kB
dist/assets/ellipsis-DncV7_bk.js                        0.21 kB │ gzip:   0.15 kB
dist/assets/dist-5n3KiGy0.js                            0.21 kB │ gzip:   0.18 kB
dist/assets/git-branch-D3KwnVrO.js                      0.21 kB │ gzip:   0.18 kB
dist/assets/download-Bq10xvkx.js                        0.22 kB │ gzip:   0.18 kB
dist/assets/message-square-C_qAiYds.js                  0.22 kB │ gzip:   0.19 kB
dist/assets/paperclip-loluF1lB.js                       0.22 kB │ gzip:   0.18 kB
dist/assets/activity-WE4VzjoB.js                        0.22 kB │ gzip:   0.19 kB
dist/assets/copy-DSqYxwxM.js                            0.22 kB │ gzip:   0.20 kB
dist/assets/panel-left-close-DnDxVAH4.js                0.22 kB │ gzip:   0.19 kB
dist/assets/globe-DovVvRRm.js                           0.23 kB │ gzip:   0.18 kB
dist/assets/link-2-C4YthPmD.js                          0.23 kB │ gzip:   0.19 kB
dist/assets/database-ZCbMfIB8.js                        0.23 kB │ gzip:   0.19 kB
dist/assets/circle-question-mark-CTD2T3ja.js            0.23 kB │ gzip:   0.20 kB
dist/assets/chart-column-CIrGs8Lm.js                    0.24 kB │ gzip:   0.18 kB
dist/assets/external-link-BRWkQgyC.js                   0.24 kB │ gzip:   0.19 kB
dist/assets/settings-2-C79J0QAm.js                      0.24 kB │ gzip:   0.18 kB
dist/assets/lock-keyhole-BtR-xZa6.js                    0.24 kB │ gzip:   0.21 kB
dist/assets/eye-dlAMCQNK.js                             0.24 kB │ gzip:   0.19 kB
dist/assets/use-reduced-motion-vwIhekqj.js              0.24 kB │ gzip:   0.19 kB
dist/assets/zap-DSt4NV_Q.js                             0.25 kB │ gzip:   0.20 kB
dist/assets/image-BGKmKYoS.js                           0.25 kB │ gzip:   0.21 kB
dist/assets/pencil-CFQwDsJ-.js                          0.26 kB │ gzip:   0.22 kB
dist/assets/book-open-Bl5NU2he.js                       0.26 kB │ gzip:   0.19 kB
dist/assets/send-BeGRBbMb.js                            0.27 kB │ gzip:   0.22 kB
dist/assets/list-todo-BA55g8aR.js                       0.28 kB │ gzip:   0.21 kB
dist/assets/wrench-ZbExsC46.js                          0.29 kB │ gzip:   0.23 kB
dist/assets/users-CupwKUih.js                           0.29 kB │ gzip:   0.21 kB
dist/assets/dist-CTsqdRWf.js                            0.29 kB │ gzip:   0.23 kB
dist/assets/message-square-plus-CBYMxC3j.js             0.29 kB │ gzip:   0.22 kB
dist/assets/shield-check-CiXx4hag.js                    0.30 kB │ gzip:   0.24 kB
dist/assets/refresh-cw-C4KrROFd.js                      0.31 kB │ gzip:   0.21 kB
dist/assets/bot-D3JVhq8-.js                             0.31 kB │ gzip:   0.22 kB
dist/assets/trash-2-D1NsazpT.js                         0.31 kB │ gzip:   0.20 kB
dist/assets/server-CYQefQmw.js                          0.32 kB │ gzip:   0.21 kB
dist/assets/GfmMarkdownBlock-BInE1Pcx.js                0.33 kB │ gzip:   0.25 kB
dist/assets/rightPanelContext-CaQupR9w.js               0.34 kB │ gzip:   0.23 kB
dist/assets/clsx-CjueKrWZ.js                            0.36 kB │ gzip:   0.23 kB
dist/assets/network-D4JnQxZv.js                         0.37 kB │ gzip:   0.23 kB
dist/assets/file-text-itf4nA37.js                       0.37 kB │ gzip:   0.24 kB
dist/assets/common-BgaW_WRa.js                          0.38 kB │ gzip:   0.27 kB
dist/assets/settings-D_o0WYrM.js                        0.47 kB │ gzip:   0.25 kB
dist/assets/sparkles-BCh02iPq.js                        0.48 kB │ gzip:   0.27 kB
dist/assets/list-checks-DOsuOL8Y.js                     0.48 kB │ gzip:   0.28 kB
dist/assets/MathMarkdownBlock-CUy4kwcR.js               0.49 kB │ gzip:   0.34 kB
dist/assets/checkbox-ysKt69BT.js                        0.52 kB │ gzip:   0.35 kB
dist/assets/thumbs-down-B6F34_AN.js                     0.54 kB │ gzip:   0.31 kB
dist/assets/brain-BWjL2xtF.js                           0.56 kB │ gzip:   0.30 kB
dist/assets/clipboard-CiSSzAwF.js                       0.57 kB │ gzip:   0.35 kB
dist/assets/input-B6O0QxTF.js                           0.62 kB │ gzip:   0.40 kB
dist/assets/textarea-DdgjdeOn.js                        0.62 kB │ gzip:   0.41 kB
dist/assets/cpu-DIonDa6s.js                             0.63 kB │ gzip:   0.28 kB
dist/assets/subagentSafety-BkSVfzwc.js                  0.64 kB │ gzip:   0.41 kB
dist/assets/label-DYlZDTlK.js                           0.64 kB │ gzip:   0.41 kB
dist/assets/cog-1ONGyo3q.js                             0.66 kB │ gzip:   0.32 kB
dist/assets/monitor-cog-D4TKUv1D.js                     0.68 kB │ gzip:   0.35 kB
dist/assets/save-CVmkGEXI.js                            0.69 kB │ gzip:   0.39 kB
dist/assets/badge-qn1cnKPa.js                           0.71 kB │ gzip:   0.39 kB
dist/assets/format-YU5MzXF6.js                          0.72 kB │ gzip:   0.40 kB
dist/assets/quiz-fOKOWEC6.js                            0.80 kB │ gzip:   0.41 kB
dist/assets/users-EX8W_6DD.js                           0.82 kB │ gzip:   0.29 kB
dist/assets/rolldown-runtime-Cyuzqnbw.js                0.82 kB │ gzip:   0.47 kB
dist/assets/boxes-CZDrRHQt.js                           0.84 kB │ gzip:   0.39 kB
dist/assets/useServices-DkIeSlxL.js                     0.85 kB │ gzip:   0.40 kB
dist/assets/DownOutlined-xtF62FMc.js                    0.87 kB │ gzip:   0.59 kB
dist/assets/DatabaseOutlined-CuM1Ce-O.js                0.98 kB │ gzip:   0.61 kB
dist/assets/PurePanel-C0zT_KuK.js                       1.06 kB │ gzip:   0.65 kB
dist/assets/table-D0Q1WSQH.js                           1.21 kB │ gzip:   0.48 kB
dist/assets/gateway-Ct0VGq6v.js                         1.31 kB │ gzip:   0.42 kB
dist/assets/activityIcons-Dz4qocZo.js                   1.33 kB │ gzip:   0.69 kB
dist/assets/useLatexCopy-Kfow_AHm.js                    1.41 kB │ gzip:   0.71 kB
dist/assets/card-B3jRHD50.js                            1.43 kB │ gzip:   0.59 kB
dist/assets/row-DRiih_f4.js                             1.45 kB │ gzip:   0.90 kB
dist/assets/modal-BjlKMh7l.js                           1.46 kB │ gzip:   0.78 kB
dist/assets/ToolApprovalCard-Bc8RPcjy.js                1.61 kB │ gzip:   0.69 kB
dist/assets/modelCapabilities-tA_nKuyM.js               1.82 kB │ gzip:   0.86 kB
dist/assets/SafetyCertificateOutlined-CRBcL6rs.js       2.06 kB │ gzip:   0.99 kB
dist/assets/useMutation-DpixtgSe.js                     2.29 kB │ gzip:   0.95 kB
dist/assets/setup-DbabcWA2.js                           2.33 kB │ gzip:   1.23 kB
dist/assets/PasswordChangeModal-CuIpzajF.js             2.76 kB │ gzip:   1.16 kB
dist/assets/message-BqPJfu67.js                         2.80 kB │ gzip:   1.35 kB
dist/assets/activityTheme-CYFeYibs.js                   2.86 kB │ gzip:   1.04 kB
dist/assets/models-Czr85Ptl.js                          2.91 kB │ gzip:   1.03 kB
dist/assets/tabs-Bha-lQV8.js                            3.48 kB │ gzip:   1.45 kB
dist/assets/sse-BqOhIy6c.js                             3.50 kB │ gzip:   1.45 kB
dist/assets/switch-CsSzoJC0.js                          3.61 kB │ gzip:   1.58 kB
dist/assets/dist-DS6MXd0a.js                            3.62 kB │ gzip:   1.61 kB
dist/assets/alert-dialog-CyMOtws_.js                    3.92 kB │ gzip:   1.33 kB
dist/assets/AnimatePresence-Dzhzhb2s.js                 4.10 kB │ gzip:   1.90 kB
dist/assets/button-CBeC1IM6.js                          4.95 kB │ gzip:   2.08 kB
dist/assets/assistant-CxWgt1uK.js                       5.12 kB │ gzip:   2.03 kB
dist/assets/ConnectorsPanel-DQBw-Bkx.js                 5.54 kB │ gzip:   1.91 kB
dist/assets/ShareDialog-HXJTx8XF.js                     5.56 kB │ gzip:   1.96 kB
dist/assets/zh_CN-DyiJDHfn.js                           6.15 kB │ gzip:   2.72 kB
dist/assets/en_US-CXy1nF4s.js                           6.15 kB │ gzip:   2.33 kB
dist/assets/dialog-2eOtaXlQ.js                          6.38 kB │ gzip:   2.33 kB
dist/assets/spin-k8yCnJ0u.js                            7.48 kB │ gzip:   3.09 kB
dist/assets/SharePage-CRAnJB_F.js                       7.80 kB │ gzip:   2.46 kB
dist/assets/tooltip-DnOV-QRK.js                         8.46 kB │ gzip:   3.17 kB
dist/assets/goldenImport-Cb3nKKjM.js                    8.52 kB │ gzip:   2.93 kB
dist/assets/QuizPage-Bv-zEwo0.js                        8.70 kB │ gzip:   3.03 kB
dist/assets/useQuery-Clu0gxEa.js                        8.84 kB │ gzip:   3.23 kB
dist/assets/segmented-BckMFrGq.js                       9.20 kB │ gzip:   3.53 kB
dist/assets/agentThreads-W4cKsYMD.js                    9.87 kB │ gzip:   3.57 kB
dist/assets/agent-public-C3yqcFJl.js                   10.44 kB │ gzip:   3.53 kB
dist/assets/QuizResult-D2QWxM2_.js                     10.56 kB │ gzip:   3.07 kB
dist/assets/StreamOutput-ooGkzEp5.js                   11.18 kB │ gzip:   4.89 kB
dist/assets/ConnectorsSettings-3mz7oJ0K.js             11.72 kB │ gzip:   3.03 kB
dist/assets/SubAgentWorkspacePanel-DcdgVM9C.js         13.15 kB │ gzip:   4.20 kB
dist/assets/tasks-Bwj0DDtn.js                          13.27 kB │ gzip:   3.64 kB
dist/assets/ArtifactsPanel-CUdBqZ8e.js                 15.15 kB │ gzip:   4.12 kB
dist/assets/tooltip-Cg7GvXRO.js                        15.66 kB │ gzip:   5.75 kB
dist/assets/knowledge-2VbWS06r.js                      15.92 kB │ gzip:   4.88 kB
dist/assets/es2015-CprY8Wzh.js                         16.26 kB │ gzip:   6.23 kB
dist/assets/FolderOpenOutlined-DaXK8x8M.js             16.93 kB │ gzip:   7.17 kB
dist/assets/Login-hS4A_wJQ.js                          17.51 kB │ gzip:   5.27 kB
dist/assets/eval-zh-CN-C_QG8ODK.js                     18.26 kB │ gzip:   7.64 kB
dist/assets/eval-en-US-CyS6hhft.js                     18.52 kB │ gzip:   6.62 kB
dist/assets/ActivityPanel-USXQ3TiR.js                  20.10 kB │ gzip:   6.24 kB
dist/assets/typography-DeISCQOm.js                     20.37 kB │ gzip:   8.01 kB
dist/assets/Settings-Khj06vhJ.js                       20.75 kB │ gzip:   4.36 kB
dist/assets/dropdown-menu-B8YQdGAJ.js                  21.55 kB │ gzip:   6.16 kB
dist/assets/select-DoAJttgN.js                         21.58 kB │ gzip:   7.27 kB
dist/assets/UserManagement-CGNjEDyU.js                 22.39 kB │ gzip:   5.30 kB
dist/assets/Quiz-BtJkE5g1.js                           25.47 kB │ gzip:   6.86 kB
dist/assets/UserEdit-Boh8kORa.js                       26.91 kB │ gzip:   6.97 kB
dist/assets/ChatMessage-TisXjtr8.js                    27.11 kB │ gzip:   7.41 kB
dist/assets/agents-zh-CN-BW6l6l5-.js                   27.15 kB │ gzip:  10.83 kB
dist/assets/dist-Bs-4Cgqf.js                           27.20 kB │ gzip:  10.51 kB
dist/assets/agents-en-US-DdOVfMfP.js                   28.58 kB │ gzip:   9.66 kB
dist/assets/utils-BLVSdt80.js                          30.05 kB │ gzip:   9.83 kB
dist/assets/DocumentPreview-BsK57eFi.js                31.73 kB │ gzip:  12.20 kB
dist/assets/DatasetCreate-Ct5rdIde.js                  32.37 kB │ gzip:   7.35 kB
dist/assets/git-compare-VUHVKNiC.js                    35.55 kB │ gzip:  11.18 kB
dist/assets/lib-COZXMMTb.js                            38.13 kB │ gzip:  11.50 kB
dist/assets/axios-DymMM0yX.js                          44.46 kB │ gzip:  17.05 kB
dist/assets/AppLayout-WpgE9rpE.js                      45.58 kB │ gzip:  13.80 kB
dist/assets/LocalOSPanel-G6hQig5w.js                   48.77 kB │ gzip:  11.41 kB
dist/assets/shortcuts-znud13TQ.js                      62.13 kB │ gzip:  23.52 kB
dist/assets/zh-CN-DfUuESuT.js                          98.23 kB │ gzip:  37.21 kB
dist/assets/playground-pFZtYbUm.js                    100.39 kB │ gzip:  27.07 kB
dist/assets/gauge-BfO1FUeI.js                         103.61 kB │ gzip:  31.76 kB
dist/assets/en-US-B4IC9m3v.js                         104.73 kB │ gzip:  34.68 kB
dist/assets/lib-BZN5HU74.js                           115.57 kB │ gzip:  35.04 kB
dist/assets/tag-DjIV6QK_.js                           117.64 kB │ gzip:  34.60 kB
dist/assets/proxy-DUf7iplL.js                         121.22 kB │ gzip:  39.33 kB
dist/assets/useZIndex-Q4DB3c-s.js                     132.57 kB │ gzip:  49.81 kB
dist/assets/assistant-CPwAIo2j.js                     141.53 kB │ gzip:  40.58 kB
dist/assets/agents-2-zR6CMm.js                        153.46 kB │ gzip:  39.02 kB
dist/assets/eval-D-DfFc_Q.js                          186.91 kB │ gzip:  45.98 kB
dist/assets/vendor--sCzYIHL.js                        189.64 kB │ gzip:  59.65 kB
dist/assets/progress-D5Pjyt-1.js                      200.25 kB │ gzip:  47.57 kB
dist/assets/Services-pfLzTK-P.js                      240.96 kB │ gzip:  66.74 kB
dist/assets/table-BItHfKpt.js                         266.58 kB │ gzip:  85.22 kB
dist/assets/katex.min-kzu0kfFD.js                     271.56 kB │ gzip:  82.26 kB
dist/assets/knowledge-BI5LyVet.js                     323.57 kB │ gzip:  70.74 kB
dist/assets/index-CEsS8YtI.js                         337.09 kB │ gzip: 109.40 kB
dist/assets/dashboard-CnPJxYQT.js                     511.38 kB │ gzip: 139.97 kB

✓ built in 764ms
[plugin builtin:vite-reporter]
(!) Some chunks are larger than 500 kB after minification. Consider:
- Using dynamic import() to code-split the application
- Use build.rolldownOptions.output.codeSplitting to improve chunking: https://rolldown.rs/reference/OutputOptions.codeSplitting
- Adjust chunk size limit for this warning via build.chunkSizeWarningLimit.
{
  "publicEntry": {
    "raw": 1114014,
    "gzip": 320330
  },
  "assistantIncrement": {
    "raw": 451543,
    "gzip": 153395
  },
  "assistantRestoredConversation": {
    "raw": 580186,
    "gzip": 194042
  },
  "assistantGfmConversation": {
    "raw": 618865,
    "gzip": 205864
  },
  "assistantMathConversation": {
    "raw": 919421,
    "gzip": 295080
  },
  "limits": {
    "publicGzip": 330000,
    "assistantIncrementGzip": 220000,
    "assistantRestoredGzip": 220000,
    "assistantGfmGzip": 220000,
    "routeRaw": 500000
  },
  "oversizedRoutes": []
}
