============================= test session starts ==============================
platform darwin -- Python 3.11.15, pytest-9.1.0, pluggy-1.6.0
rootdir: /Users/yang/projects/AI--Platfform
configfile: pyproject.toml
plugins: langsmith-0.8.16, anyio-4.14.0, cov-7.1.0, asyncio-1.4.0, respx-0.23.1
asyncio: mode=Mode.AUTO, debug=False, asyncio_default_fixture_loop_scope=function, asyncio_default_test_loop_scope=function
collected 200 items

tests/services/agent_runtime/test_execution_fence.py ..                  [  1%]
tests/services/agent_runtime/test_model_plane.py ....................... [ 12%]
.............................                                            [ 27%]
tests/services/agent_runtime/test_control_plane.py ..................... [ 37%]
.....                                                                    [ 40%]
tests/services/agent_runtime/test_capacity_lifecycle.py ..........       [ 45%]
tests/services/agent_runtime/test_thread_store.py .............          [ 51%]
tests/api/test_agent_v2.py .......................                       [ 63%]
tests/database/test_migration_authority_baseline_manifest.py ........... [ 68%]
.....                                                                    [ 71%]
tests/database/test_migration_authority_manifest_legacy.py ............. [ 77%]
...........................                                              [ 91%]
tests/harness/test_agent_runtime_supply_chain.py ..................      [100%]

=============================== warnings summary ===============================
.venv/lib/python3.11/site-packages/fastapi/testclient.py:1
  /Users/yang/projects/AI--Platfform/.venv/lib/python3.11/site-packages/fastapi/testclient.py:1: StarletteDeprecationWarning: Using `httpx` with `starlette.testclient` is deprecated; install `httpx2` instead.
    from starlette.testclient import TestClient as TestClient  # noqa

-- Docs: https://docs.pytest.org/en/stable/how-to/capture-warnings.html
======================== 200 passed, 1 warning in 6.71s ========================
