============================= test session starts ==============================
platform darwin -- Python 3.11.15, pytest-9.1.0, pluggy-1.6.0
rootdir: /Users/yang/projects/AI--Platfform
configfile: pyproject.toml
plugins: langsmith-0.8.16, anyio-4.14.0, cov-7.1.0, asyncio-1.4.0, respx-0.23.1
asyncio: mode=Mode.AUTO, debug=False, asyncio_default_fixture_loop_scope=function, asyncio_default_test_loop_scope=function
collected 199 items

tests/api/test_assistant_source_access.py .......................        [ 11%]
tests/api/test_agent_v2.py .......................                       [ 23%]
tests/api/test_assistant_sessions.py .............................       [ 37%]
tests/services/agent_runtime/test_thread_store.py ..............         [ 44%]
tests/api/test_agent_runtime_api.py .................                    [ 53%]
tests/api/test_assistant_approval_preview.py .....                       [ 55%]
tests/api/test_quiz_grading.py ..                                        [ 56%]
tests/api/test_conversation_share_quiz.py .........                      [ 61%]
tests/api/test_artifact_shares.py .......................                [ 72%]
tests/services/agent_runtime/test_model_plane.py ....................... [ 84%]
...............................                                          [100%]

=============================== warnings summary ===============================
.venv/lib/python3.11/site-packages/fastapi/testclient.py:1
  /Users/yang/projects/AI--Platfform/.venv/lib/python3.11/site-packages/fastapi/testclient.py:1: StarletteDeprecationWarning: Using `httpx` with `starlette.testclient` is deprecated; install `httpx2` instead.
    from starlette.testclient import TestClient as TestClient  # noqa

-- Docs: https://docs.pytest.org/en/stable/how-to/capture-warnings.html
======================== 199 passed, 1 warning in 0.62s ========================
